I'm sorry, but errors were detected in your script. Please correct the
errors listed below, and try again.


File "game/script.rpy", line 61: invalid syntax
    = Character("King Throin")
     ^

Ren'Py Version: Ren'Py 8.2.1.24030407
Thu May 23 08:05:55 2024
